{
"issues":  [
{
"id":  "S1694",
"message":  "Convert this 'abstract' class to a concrete class with a protected constructor.",
"location":  {
"uri":  "sources\Nancy\src\Nancy.Tests\Unit\Bootstrapper\BootstrapperLocatorFixture.cs",
"region":  {
"startLine":  23,
"startColumn":  31,
"endLine":  23,
"endColumn":  47
}
}
}
]
}
