{
"issues":  [
{
"id":  "S1694",
"message":  "Convert this 'abstract' class to a concrete class with a protected constructor.",
"location":  {
"uri":  "sources\akka.net\src\contrib\serializers\Akka.Serialization.TestKit\AkkaSerializationSpec.cs",
"region":  {
"startLine":  18,
"startColumn":  27,
"endLine":  18,
"endColumn":  48
}
}
}
]
}
