{
"issues":  [
{
"id":  "S1694",
"message":  "Convert this 'abstract' class to a concrete class with a protected constructor.",
"location":  {
"uri":  "sources\akka.net\src\core\Akka.Cluster.Tests\ClusterSpecBase.cs",
"region":  {
"startLine":  16,
"startColumn":  27,
"endLine":  16,
"endColumn":  42
}
}
}
]
}
