{
"issues":  [
{
"id":  "S1694",
"message":  "Convert this 'abstract' class to a concrete class with a protected constructor.",
"location":  {
"uri":  "sources\akka.net\src\core\Akka.Cluster.Tests.MultiNode\ClusterDeathWatchSpec.cs",
"region":  {
"startLine":  68,
"startColumn":  27,
"endLine":  68,
"endColumn":  48
}
}
},
{
"id":  "S1694",
"message":  "Convert this 'abstract' class to a concrete class with a protected constructor.",
"location":  {
"uri":  "sources\akka.net\src\core\Akka.Cluster.Tests.MultiNode\ConvergenceSpec.cs",
"region":  {
"startLine":  105,
"startColumn":  27,
"endLine":  105,
"endColumn":  42
}
}
},
{
"id":  "S1694",
"message":  "Convert this 'abstract' class to a concrete class with a protected constructor.",
"location":  {
"uri":  "sources\akka.net\src\core\Akka.Cluster.Tests.MultiNode\InitialHeartbeatSpec.cs",
"region":  {
"startLine":  71,
"startColumn":  31,
"endLine":  71,
"endColumn":  51
}
}
},
{
"id":  "S1694",
"message":  "Convert this 'abstract' class to a concrete class with a protected constructor.",
"location":  {
"uri":  "sources\akka.net\src\core\Akka.Cluster.Tests.MultiNode\JoinInProgressSpec.cs",
"region":  {
"startLine":  51,
"startColumn":  27,
"endLine":  51,
"endColumn":  45
}
}
},
{
"id":  "S1694",
"message":  "Convert this 'abstract' class to a concrete class with a protected constructor.",
"location":  {
"uri":  "sources\akka.net\src\core\Akka.Cluster.Tests.MultiNode\JoinSeedNodeSpec.cs",
"region":  {
"startLine":  53,
"startColumn":  27,
"endLine":  53,
"endColumn":  43
}
}
},
{
"id":  "S1694",
"message":  "Convert this 'abstract' class to a concrete class with a protected constructor.",
"location":  {
"uri":  "sources\akka.net\src\core\Akka.Cluster.Tests.MultiNode\LeaderLeavingSpec.cs",
"region":  {
"startLine":  64,
"startColumn":  31,
"endLine":  64,
"endColumn":  48
}
}
},
{
"id":  "S1694",
"message":  "Convert this 'abstract' class to a concrete class with a protected constructor.",
"location":  {
"uri":  "sources\akka.net\src\core\Akka.Cluster.Tests.MultiNode\MultiNodeClusterSpec.cs",
"region":  {
"startLine":  29,
"startColumn":  27,
"endLine":  29,
"endColumn":  47
}
}
},
{
"id":  "S1694",
"message":  "Convert this 'abstract' class to a concrete class with a protected constructor.",
"location":  {
"uri":  "sources\akka.net\src\core\Akka.Cluster.Tests.MultiNode\Routing\ClusterConsistentHashingGroupSpec.cs",
"region":  {
"startLine":  78,
"startColumn":  27,
"endLine":  78,
"endColumn":  60
}
}
},
{
"id":  "S1694",
"message":  "Convert this 'abstract' class to a concrete class with a protected constructor.",
"location":  {
"uri":  "sources\akka.net\src\core\Akka.Cluster.Tests.MultiNode\Routing\ClusterConsistentHashingRouterSpec.cs",
"region":  {
"startLine":  71,
"startColumn":  27,
"endLine":  71,
"endColumn":  61
}
}
}
]
}
