{
"issues":  [
{
"id":  "S1694",
"message":  "Convert this 'abstract' class to a concrete class with a protected constructor.",
"location":  {
"uri":  "sources\akka.net\src\contrib\persistence\Akka.Persistence.Sql.Common.TestKit\SqlJournalQuerySpec.cs",
"region":  {
"startLine":  20,
"startColumn":  27,
"endLine":  20,
"endColumn":  46
}
}
}
]
}
