{
"issues":  [
{
"id":  "S1694",
"message":  "Convert this 'abstract' class to a concrete class with a protected constructor.",
"location":  {
"uri":  "sources\akka.net\src\core\Akka.Persistence.Tests\EndToEndEventAdapterSpec.cs",
"region":  {
"startLine":  35,
"startColumn":  27,
"endLine":  35,
"endColumn":  51
}
}
},
{
"id":  "S1694",
"message":  "Convert this 'abstract' class to a concrete class with a protected constructor.",
"location":  {
"uri":  "sources\akka.net\src\core\Akka.Persistence.Tests\PersistenceSpec.cs",
"region":  {
"startLine":  19,
"startColumn":  27,
"endLine":  19,
"endColumn":  42
}
}
},
{
"id":  "S1694",
"message":  "Convert this 'abstract' class to a concrete class with a protected constructor.",
"location":  {
"uri":  "sources\akka.net\src\core\Akka.Persistence.Tests\ReceivePersistentActorTests.cs",
"region":  {
"startLine":  155,
"startColumn":  32,
"endLine":  155,
"endColumn":  58
}
}
}
]
}
