{
"issues":  [
{
"id":  "S1694",
"message":  "Convert this 'abstract' class to a concrete class with a protected constructor.",
"location":  {
"uri":  "sources\akka.net\src\core\Akka.Remote.Tests.MultiNode\PiercingShouldKeepQuarantineSpec.cs",
"region":  {
"startLine":  47,
"startColumn":  27,
"endLine":  47,
"endColumn":  59
}
}
},
{
"id":  "S1694",
"message":  "Convert this 'abstract' class to a concrete class with a protected constructor.",
"location":  {
"uri":  "sources\akka.net\src\core\Akka.Remote.Tests.MultiNode\RemoteDeploymentDeathWatchSpec.cs",
"region":  {
"startLine":  19,
"startColumn":  27,
"endLine":  19,
"endColumn":  57
}
}
},
{
"id":  "S1694",
"message":  "Convert this 'abstract' class to a concrete class with a protected constructor.",
"location":  {
"uri":  "sources\akka.net\src\core\Akka.Remote.Tests.MultiNode\RemoteRandomSpec.cs",
"region":  {
"startLine":  65,
"startColumn":  27,
"endLine":  65,
"endColumn":  43
}
}
},
{
"id":  "S1694",
"message":  "Convert this 'abstract' class to a concrete class with a protected constructor.",
"location":  {
"uri":  "sources\akka.net\src\core\Akka.Remote.Tests.MultiNode\RemoteRoundRobinSpec.cs",
"region":  {
"startLine":  75,
"startColumn":  27,
"endLine":  75,
"endColumn":  47
}
}
}
]
}
