{
"issues":  [
{
"id":  "S1694",
"message":  "Convert this 'abstract' class to a concrete class with a protected constructor.",
"location":  {
"uri":  "sources\akka.net\src\contrib\cluster\Akka.Cluster.Sharding.Tests\ClusterShardingFailureSpec.cs",
"region":  {
"startLine":  58,
"startColumn":  27,
"endLine":  58,
"endColumn":  53
}
}
},
{
"id":  "S1694",
"message":  "Convert this 'abstract' class to a concrete class with a protected constructor.",
"location":  {
"uri":  "sources\akka.net\src\contrib\cluster\Akka.Cluster.Sharding.Tests\ClusterShardingGracefulShutdownSpec.cs",
"region":  {
"startLine":  48,
"startColumn":  27,
"endLine":  48,
"endColumn":  62
}
}
},
{
"id":  "S1694",
"message":  "Convert this 'abstract' class to a concrete class with a protected constructor.",
"location":  {
"uri":  "sources\akka.net\src\contrib\cluster\Akka.Cluster.Sharding.Tests\ClusterShardingLeavingSpec.cs",
"region":  {
"startLine":  55,
"startColumn":  27,
"endLine":  55,
"endColumn":  52
}
}
},
{
"id":  "S1694",
"message":  "Convert this 'abstract' class to a concrete class with a protected constructor.",
"location":  {
"uri":  "sources\akka.net\src\contrib\cluster\Akka.Cluster.Sharding.Tests\ClusterShardingSpec.cs",
"region":  {
"startLine":  206,
"startColumn":  27,
"endLine":  206,
"endColumn":  46
}
}
}
]
}
