{
"issues":  [
{
"id":  "S1694",
"message":  "Convert this 'abstract' class to a concrete class with a protected constructor.",
"location":  {
"uri":  "sources\akka.net\src\core\Akka.Tests.Shared.Internals\AkkaSpec.cs",
"region":  {
"startLine":  21,
"startColumn":  27,
"endLine":  21,
"endColumn":  35
}
}
}
]
}
